package de.tud.stg.popart.builder.test.generated;

import de.tud.stg.popart.builder.utils.DSLInvoker;
import de.tud.stg.popart.builder.test.dsls.StatefulDSL;

new DSLInvoker ( StatefulDSL.class ) .eval ( ) {

	set_p0_equals_p1(
		"i",
		10)
		
 	print get_p0("i")

}
 