

int a= sum__p0([1,2] as int[])

int b= sum__p0([2,3] as int[])

println a

println b

	selectFrom(
	[
		"id",
 		"age",
 		"haircolor"
	] as String[],
	[
		"students"
	] as String[])

