	boolean variabilityFlag = true;
	
	StateMachine m = machine__p0_lcub_p1_rcub(
		"Watch",
		[
			start__state__p0_lcub_p1__p2_rcub(
				"reseted",
				[
					entry_colon_p0_semi(
						output__p0(
							"entering reseted")
					),
					exit_colon_p0_semi(
						output__p0(
							"leaving reseted")
					)
				] as ActionType[],
				transitions_lcub_p0_rcub(
					{
						p0_rarr_p1_semi(
							"start",
							"running")
						if (variabilityFlag) {
							p0_rarr_p1_semi(
								"switchOff",
								"off")
						}
						else {
							p0_rarr_p1_semi(
								"switchOff",
								"paused")
						}
					}
				)
			)
		] as State[]
	)