package generated;

import de.tud.stg.popart.builder.utils.DSLInvoker;
import de.tud.stg.popart.builder.test.dsls.MathDSL;
	 
new DSLInvoker (MathDSL.class).eval(){

	sum__p0(
[
10,
10
] as int[])
	
	sum__p0(
[
52,
10,
234,
43,
43,
243,
243,
2323,
23,
23
] as int[])
	
	sum__p0(
[
52,
10,
234,
43,
43,
243,
243,
2323,
23,
23
] as int[]) 
}